[0mMicrosoft Windows [Versión 10.0.17134.648][0K[?25l
(c) 2018 Microsoft Corporation. Todos los derechos reservados.[0K
[0K
C:\Users\romcl\OneDrive\Documents\UbiqumCodeAcademy\projects\ubiqum_predictingP[0Kr
ofitabilty>[0K[?25h[?25l[1AC:\Users\romcl\OneDrive\Documents\UbiqumCodeAcademy\projects\ubiqum_predictingProfitabil[0Kt
y>[0K[?25hg[0Ki[0Kt[0K[7G[?25ly>git i[0K[?25hn[0Ki[0Kt[0K]0;  - git  init[?25l
[0K[?25hInitialized empty Git repository in C:/Users/romcl/OneDrive/Documents/UbiqumCodeAcademy/[0Kp[?25l
rojects/ubiqum_predictingProfitabilty/.git/[0K
[0K[?25h]0; [?25l
C:\Users\romcl\OneDrive\Documents\UbiqumCodeAcademy\projects\ubiqum_predictingProfitabil[0Kt
y>[0K[?25hg[0Ki[0Kt[0K[7G[?25ly>git t[0K[?25h[?25ly>git[0K[7G[?25h[?25ly>git s[0K[?25ht[0Ka[0Kt[0Ku[0Ks[0K]0;  - git  status[?25l
[0K[?25h]0; On branch master[0K[?25l
[0K
No commits yet[0K
[0K
Untracked files:[0K
  (use "git add <file>..." to include in what will be committed)[0K
[0K
        [0;31m.Rproj.user/[0m[0K
        [0;31mubiqum_predictingProfitabilty.Rproj[0m[0K
[0K
nothing added to commit but untracked files present (use "git add" to track)[0K
[0K
C:\Users\romcl\OneDrive\Documents\UbiqumCodeAcademy\projects\ubiqum_predictingProfitabil[0Kt
y>[0K[?25hg[0Ki[0Kt[0K[7G[?25ly>git a[0K[?25hd[0Kd[0K[11G[?25ly>git add .[0K[?25h]0;  - git  add .[?25l
[0K[?25h]0; [?25l
C:\Users\romcl\OneDrive\Documents\UbiqumCodeAcademy\projects\ubiqum_predictingProfitabil[0Kt
y>[0K[?25hg[0Ki[0Kt[0K[7G[?25ly>git c[0K[?25ho[0Km[0Km[0Ki[0Kt[0K[14G[?25ly>git commit -[0K[?25hm[0K[17G[?25ly>git commit -m "[0K[?25hf[0Ki[0Kr[0Ks[0Kt[0K[24G[?25ly>git commit -m "first c[0K[?25ho[0Km[0Km[0Ki[0Kt[0K"[0K]0;  - git  commit -m "first commit"[?25l
[0K[?25h]0; [master (root-commit) ac487a9] first commit[0K[?25l
 5 files changed, 39 insertions(+)[0K
 create mode 100644 .Rproj.user/C0F26720/console06/715A4D9B[0K
 create mode 100644 .Rproj.user/C0F26720/console06/INDEX001[0K
 create mode 100644 .Rproj.user/C0F26720/sources/s-55E02A30/lock_file[0K
 create mode 100644 .Rproj.user/shared/notebooks/patch-chunk-names[0K
 create mode 100644 ubiqum_predictingProfitabilty.Rproj[0K
[0K
C:\Users\romcl\OneDrive\Documents\UbiqumCodeAcademy\projects\ubiqum_predictingProfitabil[0Kt
y>[0K[?25hg[0Ki[0Kt[0K[7G[?25ly>git r[0K[?25he[0Km[0Ko[0Kt[0Ke[0K[14G[13G[?25ly>git remot[0K[?25h[?25ly>git remo[0K[?25h[?25ly>git rem[0K[?25h[?25ly>git re[0K[?25h[?25ly>git r[0K[?25h[?25ly>git[0K[7G[?25h[?25ly>git b[0K[?25hr[0Ka[0Kn[0Kc[0Kh[0K]0;  - git  branch[?25l
[0K[?25h* [0;32mmaster[0m[0K[?25l
[0K[?25h]0; [?25l
C:\Users\romcl\OneDrive\Documents\UbiqumCodeAcademy\projects\ubiqum_predictingProfitabil[0Kt
y>[0K[?25hg[0Ki[0Kt[0K[7G[?25ly>git r[0K[?25he[0Km[0Ko[0Kr[0K[?25ly>git remo[0K[?25ht[0Ke[0K[14G[?25ly>git remote a[0K[?25hf[0Kd[0K[?25ly>git remote af[0K[?25h[?25ly>git remote a[0K[?25hd[0Kd[0K[18G[?25ly>git remote add o[0K[?25hr[0Ki[0Ki[0Kg[0Kn[0K[?25ly>git remote add oriig[0K[?25h[?25ly>git remote add orii[0K[?25h[?25ly>git remote add ori[0K[?25hg[0Ki[0Kn[0K[25G[?25ly>git remote add origin https://github.com/JoanClaverol/ubiqum_predictingProfitability.g[0Ki
t[0K[?25h]0;  - git  remote add origin https://github.com/JoanClaverol/ubiqum_predictingProfitability.git[?25l
[0K[?25h]0; [?25l
C:\Users\romcl\OneDrive\Documents\UbiqumCodeAcademy\projects\ubiqum_predictingProfitabil[0Kt
y>[0K[?25hg[0Ki[0Kt[0K[7G[?25ly>git r[0K[?25he[0Km[0Ko[0Kt[0Ke[0K[14G[?25ly>git remote v[0K[?25h[16G[15G[?25ly>git remote[0K[14G[?25h[?25ly>git remote -[0K[?25hv[0K]0;  - git  remote -v[?25l
[0K[?25horigin  https://github.com/JoanClaverol/ubiqum_predictingProfitability.git (fetch)[0K[?25l
origin  https://github.com/JoanClaverol/ubiqum_predictingProfitability.git (push)[0K
[0K[?25h]0; [?25l
C:\Users\romcl\OneDrive\Documents\UbiqumCodeAcademy\projects\ubiqum_predictingProfitabil[0Kt
y>[0K[?25hg[0Ki[0Kt[0K[7G[?25ly>git p[0K[?25hu[0Ks[0Kh[0K[12G[?25ly>git push o[0K[?25hr[0Ki[0Kg[0Ki[0Kn[0K[19G[?25ly>git push origin m[0K[?25ha[0Ks[0Kt[0Ke[0Kr[0K]0;  - git  push origin master[?25l
[0K[?25hEnumerating objects: 13, done.[0K[?25l
Counting objects: 100% (13/13), done.[0K
Delta compression using up to 4 threads.[0K
Compressing objects:  62% (5/8)[0K[1G[?25hCompressing objects: 100% (8/8), done.[0K[?25l
Writing objects: 100% (13/13), 1.61 KiB | 206.00 KiB/s, done.[0K
Total 13 (delta 0), reused 0 (delta 0)[0K
[0K[?25hTo https://github.com/JoanClaverol/ubiqum_predictingProfitability.git[0K[?25l
 * [new branch]      master -> master[0K
[0K[?25h]0; [?25l
C:\Users\romcl\OneDrive\Documents\UbiqumCodeAcademy\projects\ubiqum_predictingProfitabil[0Kt
y>[0K[?25h[?25l[12AC:\Users\romcl\OneDrive\Documents\UbiqumCodeAcademy\projects\ubiqum_predictingProfitabilty>git push origin master[0K
Enumerating objects: 13, done.[0K
Counting objects: 100% (13/13), done.[0K
Delta compression using up to 4 threads.[0K
Compressing objects: 100% (8/8), done.[0K
Writing objects: 100% (13/13), 1.61 KiB | 206.00 KiB/s, done.[0K
Total 13 (delta 0), reused 0 (delta 0)[0K
To https://github.com/JoanClaverol/ubiqum_predictingProfitability.git[0K
 * [new branch]      master -> master[0K
[0K
C:\Users\romcl\OneDrive\Documents\UbiqumCodeAcademy\projects\ubiqum_predictingProfitabilty>[0K
[0K
[0K[2A[92G[?25h[?25lC:\Users\romcl\OneDrive\Documents\UbiqumCodeAcademy\projects\ubiqum_predictingProfitabilty>g[0K
[0K
[0K[2A[93G[?25h[?25lC:\Users\romcl\OneDrive\Documents\UbiqumCodeAcademy\projects\ubiqum_predictingProfitabilty>gi[0K
[0K
[0K[2A[94G[?25h[?25lC:\Users\romcl\OneDrive\Documents\UbiqumCodeAcademy\projects\ubiqum_predictingProfitabilty>git[0K
[0K
[0K[2A[95G[?25h[96G[?25lC:\Users\romcl\OneDrive\Documents\UbiqumCodeAcademy\projects\ubiqum_predictingProfitabilty>git s[0K
[0K
[0K[2A[97G[?25h[?25lC:\Users\romcl\OneDrive\Documents\UbiqumCodeAcademy\projects\ubiqum_predictingProfitabilty>git st[0K
[0K
[0K[2A[98G[?25h[?25lC:\Users\romcl\OneDrive\Documents\UbiqumCodeAcademy\projects\ubiqum_predictingProfitabilty>git sta[0K
[0K
[0K[2A[99G[?25h[?25lC:\Users\romcl\OneDrive\Documents\UbiqumCodeAcademy\projects\ubiqum_predictingProfitabilty>git stat[0K
[0K
[0K[2A[100G[?25h[?25lC:\Users\romcl\OneDrive\Documents\UbiqumCodeAcademy\projects\ubiqum_predictingProfitabilty>git statu[0K
[0K
[0K[2A[101G[?25h[?25lC:\Users\romcl\OneDrive\Documents\UbiqumCodeAcademy\projects\ubiqum_predictingProfitabilty>git status[0K
[0K
[0K[2A[102G[?25h]0;  - git  status[?25l
[?25hOn branch master[0K[?25l
Changes not staged for commit:[0K
  (use "git add <file>..." to update what will be committed)[0K
  (use "git checkout -- <file>..." to discard changes in working directory)[0K
[0K
        [0;31mmodified:   .Rproj.user/C0F26720/console06/715A4D9B[0m[0K
        [0;31mmodified:   .Rproj.user/C0F26720/console06/INDEX001[0m[0K
[0K
Untracked files:[0K
  (use "git add <file>..." to include in what will be committed)[0K
[0K
        [0;31m.Rproj.user/C0F26720/sources/prop/[0m[0K
        [0;31m.Rproj.user/C0F26720/sources/s-55E02A30/1A56C9A5-contents[0m[0K
        [0;31m.Rproj.user/C0F26720/sources/s-55E02A30/348C5353[0m[0K
        [0;31m.Rproj.user/C0F26720/sources/s-55E02A30/348C5353-contents[0m[0K
        [0;31m.Rproj.user/C0F26720/sources/s-55E02A30/3EB1EF65[0m[0K
        [0;31m.Rproj.user/C0F26720/sources/s-55E02A30/3EB1EF65-contents[0m[0K
        [0;31m.Rproj.user/C0F26720/sources/s-55E02A30/724C80B7[0m[0K
        [0;31m.Rproj.user/C0F26720/sources/s-55E02A30/724C80B7-contents[0m[0K[9G[?25h]0; [?25l
        [0;31m.Rproj.user/C0F26720/sources/s-55E02A30/ADAC0D65-contents[0m[0K
        [0;31m.Rproj.user/C0F26720/sources/s-55E02A30/BA37E6B7[0m[0K
        [0;31m.Rproj.user/C0F26720/sources/s-55E02A30/BA37E6B7-contents[0m[0K
        [0;31m.Rproj.user/shared/notebooks/E4150051-presentation_multipleRegression/[0m[0K
        [0;31m.Rproj.user/shared/notebooks/FD986DA2-MultipleRegressioninR/[0m[0K
        [0;31m.Rproj.user/shared/notebooks/paths[0m[0K
        [0;31mdata/[0m[0K
        [0;31mmindmaps/[0m[0K
        [0;31mscripts/[0m[0K
[0K
no changes added to commit (use "git add" and/or "git commit -a")[0K
[0K
C:\Users\romcl\OneDrive\Documents\UbiqumCodeAcademy\projects\ubiqum_predictingProfitabilty>[0K[?25hg[0Kio[0Kt[0K[97G[96G[?25lC:\Users\romcl\OneDrive\Documents\UbiqumCodeAcademy\projects\ubiqum_predictingProfitabilty>gio[0K[?25h[?25lC:\Users\romcl\OneDrive\Documents\UbiqumCodeAcademy\projects\ubiqum_predictingProfitabilty>gi[0K[?25ht[0K[96G[?25lC:\Users\romcl\OneDrive\Documents\UbiqumCodeAcademy\projects\ubiqum_predictingProfitabilty>git i[0K[?25hr[0K[?25lC:\Users\romcl\OneDrive\Documents\UbiqumCodeAcademy\projects\ubiqum_predictingProfitabilty>git i[0K[?25hg[0Kn[0Ko[0Kr[0Ke[0K]0;  - git  ignore[?25l
[0K[?25hgit: 'ignore' is not a git command. See 'git --help'.[0K[?25l
[0K[?25h]0; [?25l
C:\Users\romcl\OneDrive\Documents\UbiqumCodeAcademy\projects\ubiqum_predictingProfitabilty>[0K[?25hg[0Ki[0Kt[0K[96G[?25lC:\Users\romcl\OneDrive\Documents\UbiqumCodeAcademy\projects\ubiqum_predictingProfitabilty>git -[0K[?25h-[0Kh[0Ke[0Kl[0Kp[0K[?25l
[0K[?25h]0;  - git  --helpusage: git [--version] [--help] [-C <path>] [-c <name>=<value>][0K[?25l
           [--exec-path[=<path>]] [--html-path] [--man-path] [--info-path][0K
           [-p | --paginate | -P | --no-pager] [--no-replace-objects] [--bare][0K
           [--git-dir=<path>] [--work-tree=<path>] [--namespace=<name>][0K
           <command> [<args>][0K
[0K
These are common Git commands used in various situations:[0K
[0K
start a working area (see also: git help tutorial)[0K
   clone      Clone a repository into a new directory[0K
   init       Create an empty Git repository or reinitialize an existing one[0K
[0K
work on the current change (see also: git help everyday)[0K
   add        Add file contents to the index[0K
   mv         Move or rename a file, a directory, or a symlink[0K
   reset      Reset current HEAD to the specified state[0K
   rm         Remove files from the working tree and from the index[0K
[0K
examine the history and state (see also: git help revisions)[0K
   bisect     Use binary search to find the commit that introduced a bug[0K
   grep       Print lines matching a pattern[0K
   log        Show commit logs[0K
   show       Show various types of objects[0K
   status     Show the working tree status[0K
[0K
grow, mark and tweak your common history[0K
   branch     List, create, or delete branches[0K
   checkout   Switch branches or restore working tree files[0K
   commit     Record changes to the repository[0K
   diff       Show changes between commits, commit and working tree, etc[0K
   merge      Join two or more development histories together[0K
   rebase     Reapply commits on top of another base tip[0K
   tag        Create, list, delete or verify a tag object signed with GPG[0K
[0K
collaborate (see also: git help workflows)[0K
   fetch      Download objects and refs from another repository[0K
   pull       Fetch from and integrate with another repository or a local branch[0K
   push       Update remote refs along with associated objects[0K
[0K
'git help -a' and 'git help -g' list available subcommands and some[0K
concept guides. See 'git help <command>' or 'git help <concept>'[0K
to read about a specific subcommand or concept.[0K
[0K[?25h]0; [?25l
C:\Users\romcl\OneDrive\Documents\UbiqumCodeAcademy\projects\ubiqum_predictingProfitabilty>[0K[?25hg[0Ki[0Kt[0K[96G[?25lC:\Users\romcl\OneDrive\Documents\UbiqumCodeAcademy\projects\ubiqum_predictingProfitabilty>git a[0K[?25hd[0Kd[0K[100G[?25lC:\Users\romcl\OneDrive\Documents\UbiqumCodeAcademy\projects\ubiqum_predictingProfitabilty>git add .[0K[?25h